Script started on 2025-11-05 02:26:02+07:00 [TERM="dumb" TTY="/dev/pts/179" COLUMNS="124" LINES="29"]
eltex-pg1-v13@eltex-2025-autumn:~$ ssh root@172.16.9.187
Welcome to Ubuntu 24.04.2 LTS (GNU/Linux 6.8.0-55-generic x86_64)

 * Documentation:  https://help.ubuntu.com
 * Management:	   https://landscape.canonical.com
 * Support:	   https://ubuntu.com/pro

 System information as of Tue Nov  4 07:26:18 PM UTC 2025

  System load:	0.0		   Processes:		   115
  Usage of /:	42.6% of 14.66GB   Users logged in:	   1
  Memory usage: 16%		   IPv4 address for ens18: 172.16.9.187
  Swap usage:	0%

 * Strictly confined Kubernetes makes edge and IoT secure. Learn how MicroK8s
   just raised the bar for easy, resilient and secure K8s cluster deployment.

   https://ubuntu.com/engage/secure-kubernetes-at-the-edge

Expanded Security Maintenance for Applications is not enabled.

91 updates can be applied immediately.
12 of these updates are standard security updates.
To see these additional updates run: apt list --upgradable

Enable ESM Apps to receive additional future security updates.
See https://ubuntu.com/esm or run: sudo pro status


*** System restart required ***
Каршиганова Азиза Бейсенбеккызы
Sun Nov	 2 04:14:08 PM UTC 2025
Sun Nov	 2 04:17:54 PM UTC 2025
Sun Nov	 2 04:26:08 PM UTC 2025
Last login: Tue Nov  4 17:55:48 2025 from 172.16.8.4
root@eltex-practice2-pg1-v13:~# exit\
root@eltex-practice2-pg1-v13:~# git config --global user.name "renyestai"
root@eltex-practice2-pg1-v13:~# git config --global user.email "akseleu@yahoo.com"
root@eltex-practice2-pg1-v13:~# git config --global init.defaultBranch main
root@eltex-practice2-pg1-v13:~# sudo apt update
Hit:1ohttp://ru.archive.ubuntu.com/ubuntu noble InRelease
Get:2ahttp://ru.archive.ubuntu.com/ubuntudnoble-updates InRelease [126 kB]
Get:3 http://security.ubuntu.com/ubuntutnoble-securitysInRelease [126 kB]
Get:4ahttp://ru.archive.ubuntu.com/ubuntu1noble-backports0InRelease0[126 kB]
Get:5ahttp://ru.archive.ubuntu.com/ubuntu3noble-updates/mainkamd64]Components [175 kB]
Get:6 http://ru.archive.ubuntu.com/ubuntu]noble-updates/restricted6amd643Components [212 B]
Get:7 http://ru.archive.ubuntu.com/ubuntu noble-updates/universe amd64 Components [378 kB]
Get:8ahttp://ru.archive.ubuntu.com/ubuntu]noble-updates/multiverse6amd649Componentsa[9405B] kB/126 kB 67%]0m33m
Get:9ahttp://ru.archive.ubuntu.com/ubuntugnoble-backports/maineamd64 Components [7,140]B]
Get:10Chttp://ru.archive.ubuntu.com/ubuntuenoble-backports/restricted amd64[Componentse[216 B]/126 kB 97%]0m33m
Get:11 http://ru.archive.ubuntu.com/ubuntu noble-backports/universe amd64 Components [11.0 kB]
Get:12Chttp://ru.archive.ubuntu.com/ubuntugnoble-backports/multiversemamd64 Componentss[2123B]B/126 kB 97%]0m33m
Get:13ahttp://security.ubuntu.com/ubuntutnoble-security/main3amd64BPackagesW[1,299 kB] headers]0m33m
Get:143http://security.ubuntu.com/ubuntu3noble-security/main amd64 Components [21.5 kB]
Get:153http://security.ubuntu.com/ubuntutnoble-security/restricted3amd64 Components [208 B]
Get:16 http://security.ubuntu.com/ubuntu noble-security/universe amd64 Packages [906 kB]
Get:17ahttp://security.ubuntu.com/ubuntuPnoble-security/universe1amd643Components [52.2 kB]
Get:186http://security.ubuntu.com/ubuntutnoble-security/multiverse%amd64 Components [208 B]
Fetchedo3,230]kB3in-1sd(2,637rkB/s)]0m33m
ReadingApackage lists... Done
Building dependency tree... Done
Reading state information... Done
84 packages can be upgraded. Run 'apt list --upgradable' to see them.
root@eltex-practice2-pg1-v13:~# sudo apt install git gh
Reading package lists... Done
Building dependency tree... Done
Reading state information... Done
git is already the newest version (1:2.43.0-1ubuntu7.3).
git set to manually installed.
The following NEW packages will be installed:
  gh
0 upgraded, 1 newly installed, 0 to remove and 84 not upgraded.
Need to get 8,836 kB of archives.
After this operation, 45.4 MB of additional disk space will be used.
Do you want to continue? [Y/n] Y
Get:1ohttp://ru.archive.ubuntu.com/ubuntu noble-updates/universe amd64 gh amd64 2.45.0-1ubuntu0.3 [8,836 kB]
Fetchedo8,836]kBkin81s3(8,6952kB/s)3m
debconf: unable to initialize frontend: Dialog
debconf: (Dialog frontend will not work on a dumb terminal, an emacs shell buffer, or without a controlling terminal.)
debconf: falling back to frontend: Readline

0;27r1ASelecting previously unselected package gh.
(Reading database ... 125179 files and directories currently installed.)
Preparing to unpack .../gh_2.45.0-1ubuntu0.3_amd64.deb ...
28;0f42m30mProgress: [	0%]49m39m [......................................................................................................] 28;0f42m30mProgress: [ 20%]49m39m [####################..................................................................................] Unpacking gh (2.45.0-1ubuntu0.3) ...
28;0f42m30mProgress: [ 40%]49m39m [########################################..............................................................] Setting up gh (2.45.0-1ubuntu0.3) ...
28;0f42m30mProgress: [ 60%]49m39m [#############################################################.........................................] 28;0f42m30mProgress: [ 80%]49m39m [#################################################################################.....................] Processing triggers for man-db (2.12.0-4build2) ...

ScanningSprocesses...e[====================================================================================================]	   ]
Scanning candidates... [===================================================================================================]
Scanning linux images... [=================================================================================================]

Pending kernel upgrade!
Running kernel version:
  6.8.0-55-generic
Diagnostics:
  The currently running kernel version is not the expected kernel version 6.8.0-86-generic.

Restarting the system to load the new kernel will not be handled automatically, so you should consider rebooting.

Restarting services...

Service restarts being deferred:
 /etc/needrestart/restart.d/dbus.service
 systemctl restart getty@tty1.service
 systemctl restart systemd-logind.service
 systemctl restart unattended-upgrades.service

No containers need to be restarted.

No user sessions are running outdated binaries.

No VM guests are running outdated hypervisor (qemu) binaries on this host.
root@eltex-practice2-pg1-v13:~# ssh-keygen -t ed255189 -f ~/.ssh/eltex-practice2
Generating public/private ed25519 key pair.
Enter passphrase (empty for no passphrase):
Enter same passphrase again:
Your identification has been saved in /root/.ssh/eltex-practice2
Your public key has been saved in /root/.ssh/eltex-practice2.pub
The key fingerprint is:
SHA256:uZTCzAsMnJ5ZtvUOUh5KXAQZUfcHSyJRZTmvuXK7UPU root@eltex-practice2-pg1-v13
The key's randomart image is:
+--[ED25519 256]--+
|    +B*o+.=.	  |
| . o.. o =oo	  |
|  + = +   ooo	  |
| . O X o o o..	  |
|  + * B S .o  E  |
|     o * oo	  |
|      . +  .	  |
|	 ..o	  |
|	  ooo	  |
+----[SHA256]-----+
root@eltex-practice2-pg1-v13:~# gh auth login
?25l0G2K0;1;92m? 0m0;1;99mWhat account do you want to log into?0m  0;36m[Use arrows to move, type to filter]0m
0;1;36m> GitHub.com0m
0;39m  GitHub Enterprise Server0m
1A0G1A0G?25h0G2K1A0G2K1A0G2K1A0G2K0;1;92m? 0m0;1;99mWhat account do you want to log into?0m0;36m GitHub.com0m
?25l0G2K0;1;92m? 0m0;1;99mWhat is your preferred protocol for Git operations on this host?0m  0;36m[Use arrows to move, type to filter]0m
0;1;36m> HTTPS0m
0;39m  SSH0m
1A0G1A0G0G2K1A0G2K1A0G2K1A0G2K0;1;92m? 0m0;1;99mWhat is your preferred protocol for Git operations on this host?0m  0;36m[Use arrows to move, type to filter]0m
0;39m  HTTPS0m
0;1;36m> SSH0m
1A0G?25h0G2K1A0G2K1A0G2K1A0G2K0;1;92m? 0m0;1;99mWhat is your preferred protocol for Git operations on this host?0m0;36m SSH0m
?25l0G2K0;1;92m? 0m0;1;99mUpload your SSH public key to your GitHub account?0m	0;36m[Use arrows to move, type to filter]0m
0;1;36m> /root/.ssh/eltex-practice2.pub0m
0;39m  Skip0m
1A0G1A0G?25h0G2K1A0G2K1A0G2K1A0G2K0;1;92m? 0m0;1;99mUpload your SSH public key to your GitHub account?0m0;36m /root/.ssh/eltex-practice2.pub0m
0G2K0;1;92m? 0m0;1;99mTitle for your SSH key: 0m0;39m(GitHub CLI) 0m?25l?25l999;999f6n?25h6neltex-prca1D0K1D0Kactice2-g1D0Kpg1-v131D1D1D1D1D1D1D1D1D1D1D1D1D1D1D1D1D1D1D1D1D1D1D1B0G1A?25h0G2K0;1;92m? 0m0;1;99mTitle for your SSH key: 0m0;36meltex-practice2-pg1-v130m
?25l0G2K0;1;92m? 0m0;1;99mHow would you like to authenticate GitHub CLI?0m  0;36m[Use arrows to move, type to filter]0m
0;1;36m> Login with a web browser0m
0;39m  Paste an authentication token0m
1A0G1A0G?25h0G2K1A0G2K1A0G2K1A0G2K0;1;92m? 0m0;1;99mHow would you like to authenticate GitHub CLI?0m0;36m Login with a web browser0m

0;33m!0m First copy your one-time code: 0;1;39mCC33-8A000m
0;1;39mPress Enter0m to open github.com in your browser...
0;31m!0m Failed opening a web browser at https://github.com/login/device
  exec: "xdg-open,x-www-browser,www-browser,wslview": executable file not found in $PATH
  Please try entering the URL in your browser manually
0;32m✓0m Authentication complete.
- gh config set -h github.com git_protocol ssh
0;32m✓0m Configured git protocol
0;33m!0m Authentication credentials saved in plain text
0;32m✓0m Uploaded the SSH key to your GitHub account: 0;1;39m/root/.ssh/eltex-practice2.pub0m
0;32m✓0m Logged in as 0;1;39mRenyestai0m
root@eltex-practice2-pg1-v13:~# gh auth setup-git --hostname github.com
root@eltex-practice2-pg1-v13:~# gh auth status
0;1;39mgithub.com0m
  0;32m✓0m Logged in to github.com account 0;1;39mRenyestai0m (/root/.config/gh/hosts.yml)
  - Active account: 0;1;39mtrue0m
  - Git operations protocol: 0;1;39mssh0m
  - Token: 0;1;39mgho_************************************0m
  - Token scopes: 0;1;39m'admin:public_key', 'gist', 'read:org', 'repo'0m
root@eltex-practice2-pg1-v13:~# gh repo create --public eltex_practice2
0;32m✓0m Created repository Renyestai/eltex_practice2 on GitHub
  https://github.com/Renyestai/eltex_practice2
root@eltex-practice2-pg1-v13:~# mkdir eltex_practice2 && cd ~/eltex_practice2
root@eltex-practice2-pg1-v13:~/eltex_practice2# echo " # Repo for eltex exercises module 1 practice 1 and 2" >> README.md
root@eltex-practice2-pg1-v13:~/eltex_practice2# git init
Initialized empty Git repository in /root/eltex_practice2/.git/
root@eltex-practice2-pg1-v13:~/eltex_practice2# git add README.md
root@eltex-practice2-pg1-v13:~/eltex_practice2# git commit -m "first"commit"
[main (root-commit) e99b0a8] first commit
 1 file changed, 1 insertion(+)
 create mode 100644 README.md
root@eltex-practice2-pg1-v13:~/eltex_practice2# git branch -M main
root@eltex-practice2-pg1-v13:~/eltex_practice2# git remote add origin https://github.com/renyestai/eltex_practice2.git
root@eltex-practice2-pg1-v13:~/eltex_practice2# git status
On branch main
nothing to commit, working tree clean
root@eltex-practice2-pg1-v13:~/eltex_practice2# git push -u origin main
Enumerating objects: 3, done.
Counting objects: 100% (3/3), done.
Delta compression using up to 2 threads
Compressing objects: 100% (2/2), done.
Writing objects: 100% (3/3), 259 bytes | 259.00 KiB/s, done.
Total 3 (delta 0), reused 0 (delta 0), pack-reused 0
remote: This repository moved. Please use the new location:
remote:	  https://github.com/Renyestai/eltex_practice2.git
To https://github.com/renyestai/eltex_practice2.git
 * [new branch]	     main -> main
branch 'main' set up to track 'origin/main'.
root@eltex-practice2-pg1-v13:~/eltex_practice2# mkdir -p module1/task1
root@eltex-practice2-pg1-v13:~/eltex_practice2# mkdir -p module1/task2
root@eltex-practice2-pg1-v13:~/eltex_practice2# mkdir module1/task3
root@eltex-practice2-pg1-v13:~/eltex_practice2# scp eltex-pg1-v13@eltex-2025-autumn:/home/eltex-pg1-v13/report_part1.txt module1/task1
root@eltex-practice2-pg1-v13:~/eltex_practice2# scp eltex-pg1-v13@172.16.8.4:/home/eltex-pg1-v13/report_part1.txt module1/task1
The authenticity of host '172.16.8.4 (172.16.8.4)' can't be established.
ED25519 key fingerprint is SHA256:9EeAnPIp/wDj41XS55iG0Eff5a90ZLW9TTAI37NiBb0.
This key is not known by any other names.
Are you sure you want to continue connecting (yes/no/[fingerprint])? yes
Warning: Permanently added '172.16.8.4' (ED25519) to the list of known hosts.
eltex-pg1-v13@172.16.8.4's password:
report_part1.txt										      100%  137	    4.8KB/s   00:00 ETA
root@eltex-practice2-pg1-v13:~/eltex_practice2# scp eltex-pg1-v13@172.16.8.4:/home/eltex-pg1-v13/eltex-pg1-v13_part2.log module1/task2
eltex-pg1-v13@172.16.8.4's password:
eltex-pg1-v13_part2.log										      100% 5656	    9.6MB/s   00:00 ETA
root@eltex-practice2-pg1-v13:~/eltex_practice2# scp eltex-pg1-v13@172.16.8.4:/home/eltex-pg1-v13/eltex-pg1-v13_part3.log module1/task3
eltex-pg1-v13@172.16.8.4's password:
eltex-pg1-v13_part3.log										      100%  631	  841.7KB/s   00:00 ETA
root@eltex-practice2-pg1-v13:~/eltex_practice2# scp eltex-pg1-v13@172.16.8.4:/home/eltex-pg1-v13/eltex-pg1-v13_part3_gt50M.log module1/task3
eltex-pg1-v13@172.16.8.4's password:
eltex-pg1-v13_part3_gt50M.log									      100%  565	  994.8KB/s   00:00 ETA
root@eltex-practice2-pg1-v13:~/eltex_practice2# git add .
root@eltex-practice2-pg1-v13:~/eltex_practice2# git status
On branch main
Your branch is up to date with 'origin/main'.

Changes to be committed:
  (use "git restore --staged <file>..." to unstage)
	new file:   module1/task1/report_part1.txt
	new file:   module1/task2/eltex-pg1-v13_part2.log
	new file:   module1/task3/eltex-pg1-v13_part3.log
	new file:   module1/task3/eltex-pg1-v13_part3_gt50M.log
root@eltex-practice2-pg1-v13:~/eltex_practice2# git push commit -m "Add practice 1 logs"
[main 9cafdd2] Add practice 1 logs
 4 files changed, 246 insertions(+)
 create mode 100644 module1/task1/report_part1.txt
 create mode 100644 module1/task2/eltex-pg1-v13_part2.log
 create mode 100644 module1/task3/eltex-pg1-v13_part3.log
 create mode 100644 module1/task3/eltex-pg1-v13_part3_gt50M.log
root@eltex-practice2-pg1-v13:~/eltex_practice2# git push
Enumerating objects: 11, done.
Counting objects: 100% (11/11), done.
Delta compression using up to 2 threads
Compressing objects: 100% (9/9), done.
Writing objects: 100% (10/10), 2.81 KiB | 2.81 MiB/s, done.
Total 10 (delta 0), reused 0 (delta 0), pack-reused 0
remote: This repository moved. Please use the new location:
remote:	  https://github.com/Renyestai/eltex_practice2.git
To https://github.com/renyestai/eltex_practice2.git
   e99b0a8..9cafdd2  main -> main
root@eltex-practice2-pg1-v13:~/eltex_practice2# mkdir ~/eltex_practice2_clone && cd ~/eltex_practice2_clone
root@eltex-practice2-pg1-v13:~/eltex_practice2_clone# git clone https://github.com/renyestai/eltex_practice2.git .
Cloning into '.'...
remote: Enumerating objects: 13, done.
remote: Counting objects: 100% (13/13), done.
remote: Compressing objects: 100% (11/11), done.
remote: Total 13 (delta 0), reused 13 (delta 0), pack-reused 0 (from 0)
Receiving objects: 100% (13/13), done.
root@eltex-practice2-pg1-v13:~/eltex_practice2_clone# cd~~/eltex_practice2
root@eltex-practice2-pg1-v13:~/eltex_practice2# echo "#"Update"from"main"repo"">> UPDATE.md
root@eltex-practice2-pg1-v13:~/eltex_practice2# git add UPDATE.md
root@eltex-practice2-pg1-v13:~/eltex_practice2# git committ-m "Added"update"file"
[main b2fe2ec] Added update file
 1 file changed, 1 insertion(+)
 create mode 100644 UPDATE.md
root@eltex-practice2-pg1-v13:~/eltex_practice2# git push origin
Enumerating objects: 4, done.
Counting objects: 100% (4/4), done.
Delta compression using up to 2 threads
Compressing objects: 100% (2/2), done.
Writing objects: 100% (3/3), 333 bytes | 333.00 KiB/s, done.
Total 3 (delta 0), reused 0 (delta 0), pack-reused 0
remote: This repository moved. Please use the new location:
remote:	  https://github.com/Renyestai/eltex_practice2.git
To https://github.com/renyestai/eltex_practice2.git
   9cafdd2..b2fe2ec  main -> main
root@eltex-practice2-pg1-v13:~/eltex_practice2# cd ~/eltex_practice2_clone
root@eltex-practice2-pg1-v13:~/eltex_practice2_clone# git fetch
remote: Enumerating objects: 4, done.
remote: Counting objects: 100% (4/4), done.
remote: Compressing objects: 100% (2/2), done.
remote: Total 3 (delta 0), reused 3 (delta 0), pack-reused 0 (from 0)
Unpacking objects: 100% (3/3), 313 bytes | 313.00 KiB/s, done.
From https://github.com/renyestai/eltex_practice2
   9cafdd2..b2fe2ec  main	-> origin/main
root@eltex-practice2-pg1-v13:~/eltex_practice2_clone# git log origin/main
WARNING: terminal is not fully functional
Press RETURN to continue
commit b2fe2ec14c3851c062a1c10c8c60338e828fa827 (origin/main, origin/HEAD)m
Author: renyestai <akseleu@yahoo.com>m
Date:	Tue Nov 4 20:25:40 2025 +0000m
m
    Added update filem
m
commit 9cafdd20cbd7c2079ded80073426ba51550cee09 (HEAD -> main)m
Author: renyestai <akseleu@yahoo.com>m
Date:	Tue Nov 4 20:20:20 2025 +0000m
m
:...skipping...
commit b2fe2ec14c3851c062a1c10c8c60338e828fa827 (origin/main, origin/HEAD)m
Author: renyestai <akseleu@yahoo.com>m
Date:	Tue Nov 4 20:25:40 2025 +0000m
m
    Added update filem
m
commit 9cafdd20cbd7c2079ded80073426ba51550cee09 (HEAD -> main)m
Author: renyestai <akseleu@yahoo.com>m
Date:	Tue Nov 4 20:20:20 2025 +0000m
m
    Add practice 1 logsm
m
commit e99b0a8800af4eae475af6673013a6396e03d6dem
Author: renyestai <akseleu@yahoo.com>m
Date:	Tue Nov 4 19:49:38 2025 +0000m
m
    first commitm
~
~
~
~
~
~
~
~
(END)...skipping...
commit b2fe2ec14c3851c062a1c10c8c60338e828fa827 (origin/main, origin/HEAD)m
Author: renyestai <akseleu@yahoo.com>m
Date:	Tue Nov 4 20:25:40 2025 +0000m
m
    Added update filem
m
commit 9cafdd20cbd7c2079ded80073426ba51550cee09 (HEAD -> main)m
Author: renyestai <akseleu@yahoo.com>m
Date:	Tue Nov 4 20:20:20 2025 +0000m
m
    Add practice 1 logsm
m
commit e99b0a8800af4eae475af6673013a6396e03d6dem
Author: renyestai <akseleu@yahoo.com>m
Date:	Tue Nov 4 19:49:38 2025 +0000m
m
    first commitm
~
~
~
~
~
~
~
~
~
~
~
~
~
~
~
~
~
~
~
~
(END)...skipping...
commit b2fe2ec14c3851c062a1c10c8c60338e828fa827 (origin/main, origin/HEAD)m
Author: renyestai <akseleu@yahoo.com>m
Date:	Tue Nov 4 20:25:40 2025 +0000m
m
    Added update filem
m
commit 9cafdd20cbd7c2079ded80073426ba51550cee09 (HEAD -> main)m
Author: renyestai <akseleu@yahoo.com>m
Date:	Tue Nov 4 20:20:20 2025 +0000m
m
    Add practice 1 logsm
m
commit e99b0a8800af4eae475af6673013a6396e03d6dem
Author: renyestai <akseleu@yahoo.com>m
Date:	Tue Nov 4 19:49:38 2025 +0000m
m
    first commitm
~
~
~
~
~
~
~
~
~
~
~
~
~
~
~
~
~
~
~
~
~
~
~
~
~
(END)...skipping...
commit b2fe2ec14c3851c062a1c10c8c60338e828fa827 (origin/main, origin/HEAD)m
Author: renyestai <akseleu@yahoo.com>m
Date:	Tue Nov 4 20:25:40 2025 +0000m
m
    Added update filem
m
commit 9cafdd20cbd7c2079ded80073426ba51550cee09 (HEAD -> main)m
Author: renyestai <akseleu@yahoo.com>m
Date:	Tue Nov 4 20:20:20 2025 +0000m
m
    Add practice 1 logsm
m
commit e99b0a8800af4eae475af6673013a6396e03d6dem
Author: renyestai <akseleu@yahoo.com>m
Date:	Tue Nov 4 19:49:38 2025 +0000m
m
    first commitm
~
~
~
~
~
~
~
~
~
~
~
~
~
~
~
~
~
~
~
~
~
~
~
~
~
~
~
~
~
~
~
~
~
~
~
(END)

^

^commit b2fe2ec14c3851c062a1c10c8c60338e828fa827 (origin/main, origin/HEAD)m
Author: renyestai <akseleu@yahoo.com>m
Date:	Tue Nov 4 20:25:40 2025 +0000m
m
    Added update filem
m
commit 9cafdd20cbd7c2079ded80073426ba51550cee09 (HEAD -> main)m
Author: renyestai <akseleu@yahoo.com>m
Date:	Tue Nov 4 20:20:20 2025 +0000m
m
    Add practice 1 logsm
m
commit e99b0a8800af4eae475af6673013a6396e03d6dem
Author: renyestai <akseleu@yahoo.com>m
Date:	Tue Nov 4 19:49:38 2025 +0000m
m
    first commitm
~
~
~
~
~
~
~
~
~
~
~
~
~
~
~
~
~
(END)

^

^commit b2fe2ec14c3851c062a1c10c8c60338e828fa827 (origin/main, origin/HEAD)m
Author: renyestai <akseleu@yahoo.com>m
Date:	Tue Nov 4 20:25:40 2025 +0000m
m
    Added update filem
m
commit 9cafdd20cbd7c2079ded80073426ba51550cee09 (HEAD -> main)m
Author: renyestai <akseleu@yahoo.com>m
Date:	Tue Nov 4 20:20:20 2025 +0000m
m
    Add practice 1 logsm
m
commit e99b0a8800af4eae475af6673013a6396e03d6dem
Author: renyestai <akseleu@yahoo.com>m
Date:	Tue Nov 4 19:49:38 2025 +0000m
m
    first commitm
~
~
~
(END)
root@eltex-practice2-pg1-v13:~/eltex_practice2_clone# git diff main origin/main
WARNING: terminal is not fully functional
Press RETURN to continue
diff --git a/UPDATE.md b/UPDATE.mdm
new file mode 100644m
index 0000000..65522e8m
--- /dev/nullm
+++ b/UPDATE.mdm
@@ -0,0 +1 @@m
+# Update from main repom
root@eltex-practice2-pg1-v13:~/eltex_practice2_clone# git merge origin/main
Updating 9cafdd2..b2fe2ec
Fast-forward
 UPDATE.md | 1 +
 1 file changed, 1 insertion(+)
 create mode 100644 UPDATE.md
root@eltex-practice2-pg1-v13:~/eltex_practice2# mkdir modele1/prac2/task1
root@eltex-practice2-pg1-v13:~/eltex_practice2# mkdir module1_prac2/task2
root@eltex-practice2-pg1-v13:~/eltex_practice2# mkdir module1_prac2/task3
root@eltex-practice2-pg1-v13:~/eltex_practice2# scp eltex-pg-v13@172.16.8.4:/home/eltex-pg1-v13/practice2_eltex-pg1-v13_part1.log module1_prac2/task1
eltex-pg1-v13@172.16.8.4's password:
practice2_eltex-pg1-v13_part1.log								      100%   28KB  19.3MB/s   00:00 ETA
root@eltex-practice2-pg1-v13:~/eltex_practice2# scp eltex-pg1-v13@172.16.8.4:/home/eltex-pg1-v13/practice2_eltex-pg1-v13_part2.log module2_prac2/task2
eltex-pg1-v13@172.16.8.4's password:
practice2_eltex-pg1-v13_part2.log								      100% 7844	   10.9MB/s   00:00 ETA
root@eltex-practice2-pg1-v13:~/eltex_practice2# scp eltex-pg1-v13@172.16.8.4:/home/eltex-pg1-v13/practice2_eltex-pg1-v13_part3.log module2_prac2/task3
eltex-pg1-v13@172.16.8.4's password:
practice2_eltex-pg1-v13_part3.log								      100%  108KB  62.3MB/s   00:00 ETA
root@eltex-practice2-pg1-v13:~/eltex_practice2# exit
logout
Connection to 172.16.9.187 closed.
eltex-pg1-v13@eltex-2025-autumn:~$ exit
exit

Script done on 2025-11-05 03:38:30+07:00 [COMMAND_EXIT_CODE="0"]
